Information: Propagating switching activity (low effort zero delay simulation). (PWR-6)
Warning: Design has unannotated primary inputs. (PWR-414)
Warning: Design has unannotated sequential cell outputs. (PWR-415)
 
****************************************
Report : power
        -analysis_effort low
Design : DLX
Version: F-2011.09-SP3
Date   : Wed Jul 13 19:02:14 2022
****************************************


Library(s) Used:

    NangateOpenCellLibrary (File: /home/mariagrazia.graziano/do/libnangate/NangateOpenCellLibrary_typical_ecsm.db)


Operating Conditions: typical   Library: NangateOpenCellLibrary
Wire Load Model Mode: top

Design        Wire Load Model            Library
------------------------------------------------
DLX                    5K_hvratio_1_4    NangateOpenCellLibrary


Global Operating Voltage = 1.1  
Power-specific unit information :
    Voltage Units = 1V
    Capacitance Units = 1.000000ff
    Time Units = 1ns
    Dynamic Power Units = 1uW    (derived from V,C,T units)
    Leakage Power Units = 1nW


  Cell Internal Power  =   3.9233 mW   (93%)
  Net Switching Power  = 290.1907 uW    (7%)
                         ---------
Total Dynamic Power    =   4.2135 mW  (100%)

Cell Leakage Power     = 352.6860 uW


                 Internal         Switching           Leakage            Total
Power Group      Power            Power               Power              Power   (   %    )  Attrs
--------------------------------------------------------------------------------------------------
io_pad             0.0000            0.0000            0.0000            0.0000  (   0.00%)
memory             0.0000            0.0000            0.0000            0.0000  (   0.00%)
black_box          0.0000            0.0000            0.0000            0.0000  (   0.00%)
clock_network      0.0000            0.0000            0.0000            0.0000  (   0.00%)
register       3.8095e+03           26.6191        1.2780e+05        3.9639e+03  (  86.81%)
sequential         0.0000            0.0000            0.0000            0.0000  (   0.00%)
combinational    113.8139          263.5720        2.2489e+05          602.2712  (  13.19%)
--------------------------------------------------------------------------------------------------
Total          3.9233e+03 uW       290.1911 uW     3.5269e+05 nW     4.5662e+03 uW
1
