 
****************************************
Report : power
        -cell
        -analysis_effort low
        -sort_mode cell_internal_power
Design : DLX
Version: F-2011.09-SP3
Date   : Mon Jul 18 15:00:07 2022
****************************************


Library(s) Used:

    NangateOpenCellLibrary (File: /home/mariagrazia.graziano/do/libnangate/NangateOpenCellLibrary_typical_ecsm.db)


Operating Conditions: typical   Library: NangateOpenCellLibrary
Wire Load Model Mode: top

Design        Wire Load Model            Library
------------------------------------------------
DLX                    5K_hvratio_1_4    NangateOpenCellLibrary


Global Operating Voltage = 1.1  
Power-specific unit information :
    Voltage Units = 1V
    Capacitance Units = 1.000000ff
    Time Units = 1ns
    Dynamic Power Units = 1uW    (derived from V,C,T units)
    Leakage Power Units = 1nW



  Attributes
  ----------
      h  -  Hierarchical cell

                        Cell      Driven Net  Tot Dynamic      Cell
                        Internal  Switching   Power            Leakage
Cell                    Power     Power       (% Cell/Tot)     Power      Attrs
--------------------------------------------------------------------------------
DATAPATH                 545.1682       N/A        N/A (N/A)   293370.8125
                                                                          h
CONTROL                   81.5965       N/A        N/A (N/A)   14152.5381 h
IR_IN_reg[1]               0.8191    0.0170      0.836 (98%)     85.3741   
IR_IN_reg[6]               0.8189    0.0184      0.837 (98%)     85.4000   
IR_IN_reg[5]               0.8187    0.0170      0.836 (98%)     85.3728   
IR_IN_reg[26]              0.8163    0.0169      0.833 (98%)     85.3753   
IR_IN_reg[0]               0.8153    0.0172      0.833 (98%)     85.3848   
IR_IN_reg[30]              0.8145    0.0176      0.832 (98%)     85.3920   
IR_IN_reg[4]               0.8133    0.0170      0.830 (98%)     85.3829   
IR_IN_reg[22]              0.8131    0.0179      0.831 (98%)     85.4018   
IR_IN_reg[28]              0.8127    0.0168      0.829 (98%)     85.3787   
IR_IN_reg[18]              0.8125    0.0168      0.829 (98%)     85.3804   
IR_IN_reg[14]              0.8122    0.0173      0.830 (98%)     85.3904   
IR_IN_reg[16]              0.8119    0.0164      0.828 (98%)     85.3724   
IR_IN_reg[11]              0.8117    0.0164      0.828 (98%)     85.3747   
IR_IN_reg[25]              0.8115    0.0169      0.828 (98%)     85.3821   
IR_IN_reg[21]              0.8114    0.0173      0.829 (98%)     85.3922   
IR_IN_reg[8]               0.8099    0.0174      0.827 (98%)     85.3952   
IR_IN_reg[17]              0.8093    0.0171      0.826 (98%)     85.3918   
IR_IN_reg[20]              0.8091    0.0166      0.826 (98%)     85.3812   
IR_IN_reg[29]              0.8089    0.0174      0.826 (98%)     85.3972   
IR_IN_reg[7]               0.8077    0.0161      0.824 (98%)     85.3727   
IR_IN_reg[27]              0.8076    0.0174      0.825 (98%)     85.4007   
IR_IN_reg[31]              0.8067    0.0159      0.823 (98%)     85.3718   
IR_IN_reg[9]               0.8065    0.0162      0.823 (98%)     85.3779   
IR_IN_reg[12]              0.8064    0.0176      0.824 (98%)     85.4056   
IR_IN_reg[3]               0.8056    0.0172      0.823 (98%)     85.3982   
IR_IN_reg[13]              0.8050    0.0176      0.823 (98%)     85.4071   
IR_IN_reg[19]              0.8047    0.0171      0.822 (98%)     85.3978   
IR_IN_reg[24]              0.8043    0.0169      0.821 (98%)     85.3957   
IR_IN_reg[23]              0.8038    0.0167      0.821 (98%)     85.3921   
IR_IN_reg[10]              0.8028    0.0161      0.819 (98%)     85.3814   
IR_IN_reg[15]              0.8025    0.0170      0.820 (98%)     85.4000   
IR_IN_reg[2]               0.7996    0.0162      0.816 (98%)     85.3894   
--------------------------------------------------------------------------------
Totals (34 cells)        652.678uW     N/A         N/A (N/A)    310.256uW
1
