Information: Propagating switching activity (low effort zero delay simulation). (PWR-6)
Warning: Design has unannotated primary inputs. (PWR-414)
Warning: Design has unannotated sequential cell outputs. (PWR-415)
 
****************************************
Report : power
        -analysis_effort low
Design : DLX
Version: F-2011.09-SP3
Date   : Mon Jul 18 15:05:35 2022
****************************************


Library(s) Used:

    NangateOpenCellLibrary (File: /home/mariagrazia.graziano/do/libnangate/NangateOpenCellLibrary_typical_ecsm.db)


Operating Conditions: typical   Library: NangateOpenCellLibrary
Wire Load Model Mode: top

Design        Wire Load Model            Library
------------------------------------------------
DLX                    5K_hvratio_1_4    NangateOpenCellLibrary


Global Operating Voltage = 1.1  
Power-specific unit information :
    Voltage Units = 1V
    Capacitance Units = 1.000000ff
    Time Units = 1ns
    Dynamic Power Units = 1uW    (derived from V,C,T units)
    Leakage Power Units = 1nW


  Cell Internal Power  =   3.7051 mW   (93%)
  Net Switching Power  = 275.0808 uW    (7%)
                         ---------
Total Dynamic Power    =   3.9802 mW  (100%)

Cell Leakage Power     = 351.1111 uW


                 Internal         Switching           Leakage            Total
Power Group      Power            Power               Power              Power   (   %    )  Attrs
--------------------------------------------------------------------------------------------------
io_pad             0.0000            0.0000            0.0000            0.0000  (   0.00%)
memory             0.0000            0.0000            0.0000            0.0000  (   0.00%)
black_box          0.0000            0.0000            0.0000            0.0000  (   0.00%)
clock_network      0.0000            0.0000            0.0000            0.0000  (   0.00%)
register       3.5968e+03           24.0833        1.2789e+05        3.7488e+03  (  86.55%)
sequential         0.0000            0.0000            0.0000            0.0000  (   0.00%)
combinational    108.2964          250.9974        2.2322e+05          582.5109  (  13.45%)
--------------------------------------------------------------------------------------------------
Total          3.7051e+03 uW       275.0807 uW     3.5111e+05 nW     4.3313e+03 uW
1
