Information: Updating design information... (UID-85)
Warning: Design 'DLX' contains 1 high-fanout nets. A fanout number of 1000 will be used for delay calculations involving these nets. (TIM-134)
 
****************************************
Report : timing
        -path full
        -delay max
        -max_paths 1
Design : DLX
Version: F-2011.09-SP3
Date   : Mon Jul 18 15:05:33 2022
****************************************

 # A fanout number of 1000 was used for high fanout net computations.

Operating Conditions: typical   Library: NangateOpenCellLibrary
Wire Load Model Mode: top

  Startpoint: CONTROL/cw3_reg[12]
              (rising edge-triggered flip-flop clocked by Clock)
  Endpoint: DATAPATH/FETCH/PC/data_out_reg[30]
            (rising edge-triggered flip-flop clocked by Clock)
  Path Group: Clock
  Path Type: max

  Des/Clust/Port     Wire Load Model       Library
  ------------------------------------------------
  DLX                5K_hvratio_1_4        NangateOpenCellLibrary

  Point                                                   Incr       Path
  --------------------------------------------------------------------------
  clock Clock (rise edge)                                 0.00       0.00
  clock network delay (ideal)                             0.00       0.00
  CONTROL/cw3_reg[12]/CK (DFFR_X1)                        0.00 #     0.00 r
  CONTROL/cw3_reg[12]/Q (DFFR_X1)                         0.09       0.09 f
  CONTROL/MUXB_SEL (CU_HW_MICRO_SIZE154_FUNC_SIZE11_OPCODE_SIZE6_IR_SIZE32_CW_SIZE20)
                                                          0.00       0.09 f
  DATAPATH/MUXB_SEL (DP_N_BITS_DATA32_N_BYTES_INST4_RF_ADDR5_N_BITS_JUMP26_N_BITS_IMM16)
                                                          0.00       0.09 f
  DATAPATH/EXECUTE/MUXB_SEL (EXE_STAGE_N_BITS_DATA32_RF_ADDR5)
                                                          0.00       0.09 f
  DATAPATH/EXECUTE/MUXB/sel (gen_mux21_N32_2)             0.00       0.09 f
  DATAPATH/EXECUTE/MUXB/U7/Z (CLKBUF_X1)                  0.06       0.15 f
  DATAPATH/EXECUTE/MUXB/U17/Z (CLKBUF_X1)                 0.07       0.22 f
  DATAPATH/EXECUTE/MUXB/U35/ZN (AOI22_X1)                 0.08       0.30 r
  DATAPATH/EXECUTE/MUXB/U25/ZN (INV_X1)                   0.04       0.34 f
  DATAPATH/EXECUTE/MUXB/m[8] (gen_mux21_N32_2)            0.00       0.34 f
  DATAPATH/EXECUTE/ALRITH_LOG_U/DATA2[8] (ALU_N32)        0.00       0.34 f
  DATAPATH/EXECUTE/ALRITH_LOG_U/r79/B[8] (ALU_N32_DW02_mult_0)
                                                          0.00       0.34 f
  DATAPATH/EXECUTE/ALRITH_LOG_U/r79/U92/ZN (AND2_X1)      0.05       0.38 f
  DATAPATH/EXECUTE/ALRITH_LOG_U/r79/U21/Z (XOR2_X1)       0.08       0.46 f
  DATAPATH/EXECUTE/ALRITH_LOG_U/r79/S2_2_7/S (FA_X1)      0.14       0.60 r
  DATAPATH/EXECUTE/ALRITH_LOG_U/r79/S2_3_6/S (FA_X1)      0.12       0.72 f
  DATAPATH/EXECUTE/ALRITH_LOG_U/r79/S2_4_5/S (FA_X1)      0.14       0.86 r
  DATAPATH/EXECUTE/ALRITH_LOG_U/r79/S2_5_4/S (FA_X1)      0.12       0.97 f
  DATAPATH/EXECUTE/ALRITH_LOG_U/r79/S2_6_3/S (FA_X1)      0.14       1.11 r
  DATAPATH/EXECUTE/ALRITH_LOG_U/r79/S2_7_2/S (FA_X1)      0.12       1.23 f
  DATAPATH/EXECUTE/ALRITH_LOG_U/r79/S2_8_1/CO (FA_X1)     0.10       1.33 f
  DATAPATH/EXECUTE/ALRITH_LOG_U/r79/S2_9_1/CO (FA_X1)     0.11       1.44 f
  DATAPATH/EXECUTE/ALRITH_LOG_U/r79/S2_10_1/CO (FA_X1)
                                                          0.11       1.55 f
  DATAPATH/EXECUTE/ALRITH_LOG_U/r79/S2_11_1/CO (FA_X1)
                                                          0.11       1.66 f
  DATAPATH/EXECUTE/ALRITH_LOG_U/r79/S2_12_1/CO (FA_X1)
                                                          0.11       1.77 f
  DATAPATH/EXECUTE/ALRITH_LOG_U/r79/S2_13_1/CO (FA_X1)
                                                          0.11       1.89 f
  DATAPATH/EXECUTE/ALRITH_LOG_U/r79/S2_14_1/S (FA_X1)     0.15       2.03 r
  DATAPATH/EXECUTE/ALRITH_LOG_U/r79/S4_0/S (FA_X1)        0.12       2.16 f
  DATAPATH/EXECUTE/ALRITH_LOG_U/r79/U6/ZN (NAND2_X1)      0.04       2.20 r
  DATAPATH/EXECUTE/ALRITH_LOG_U/r79/U244/ZN (NAND3_X1)
                                                          0.04       2.24 f
  DATAPATH/EXECUTE/ALRITH_LOG_U/r79/FS_1/B[14] (ALU_N32_DW01_add_0)
                                                          0.00       2.24 f
  DATAPATH/EXECUTE/ALRITH_LOG_U/r79/FS_1/U68/ZN (OAI211_X1)
                                                          0.04       2.28 r
  DATAPATH/EXECUTE/ALRITH_LOG_U/r79/FS_1/U96/ZN (NAND3_X1)
                                                          0.05       2.32 f
  DATAPATH/EXECUTE/ALRITH_LOG_U/r79/FS_1/U95/ZN (NAND4_X1)
                                                          0.04       2.36 r
  DATAPATH/EXECUTE/ALRITH_LOG_U/r79/FS_1/U26/ZN (NAND2_X1)
                                                          0.04       2.40 f
  DATAPATH/EXECUTE/ALRITH_LOG_U/r79/FS_1/U102/ZN (AOI22_X1)
                                                          0.06       2.46 r
  DATAPATH/EXECUTE/ALRITH_LOG_U/r79/FS_1/U132/ZN (AND2_X1)
                                                          0.05       2.51 r
  DATAPATH/EXECUTE/ALRITH_LOG_U/r79/FS_1/U129/ZN (NAND2_X1)
                                                          0.03       2.53 f
  DATAPATH/EXECUTE/ALRITH_LOG_U/r79/FS_1/U131/ZN (AND2_X1)
                                                          0.04       2.58 f
  DATAPATH/EXECUTE/ALRITH_LOG_U/r79/FS_1/U38/ZN (OAI21_X1)
                                                          0.05       2.63 r
  DATAPATH/EXECUTE/ALRITH_LOG_U/r79/FS_1/U33/ZN (NAND2_X1)
                                                          0.03       2.66 f
  DATAPATH/EXECUTE/ALRITH_LOG_U/r79/FS_1/U34/ZN (NAND2_X1)
                                                          0.03       2.69 r
  DATAPATH/EXECUTE/ALRITH_LOG_U/r79/FS_1/U36/ZN (AND2_X1)
                                                          0.04       2.73 r
  DATAPATH/EXECUTE/ALRITH_LOG_U/r79/FS_1/U19/ZN (OAI21_X1)
                                                          0.03       2.76 f
  DATAPATH/EXECUTE/ALRITH_LOG_U/r79/FS_1/U153/ZN (XNOR2_X1)
                                                          0.06       2.83 f
  DATAPATH/EXECUTE/ALRITH_LOG_U/r79/FS_1/SUM[29] (ALU_N32_DW01_add_0)
                                                          0.00       2.83 f
  DATAPATH/EXECUTE/ALRITH_LOG_U/r79/PRODUCT[31] (ALU_N32_DW02_mult_0)
                                                          0.00       2.83 f
  DATAPATH/EXECUTE/ALRITH_LOG_U/U20/ZN (NAND2_X1)         0.03       2.86 r
  DATAPATH/EXECUTE/ALRITH_LOG_U/U72/ZN (AND2_X1)          0.05       2.91 r
  DATAPATH/EXECUTE/ALRITH_LOG_U/U3/ZN (NAND2_X1)          0.04       2.94 f
  DATAPATH/EXECUTE/ALRITH_LOG_U/U424/ZN (NAND2_X1)        0.03       2.97 r
  DATAPATH/EXECUTE/ALRITH_LOG_U/U34/ZN (NAND2_X1)         0.04       3.01 f
  DATAPATH/EXECUTE/ALRITH_LOG_U/OUTALU[30] (ALU_N32)      0.00       3.01 f
  DATAPATH/EXECUTE/ADDR_MUX/y[30] (gen_mux21_N32_1)       0.00       3.01 f
  DATAPATH/EXECUTE/ADDR_MUX/U1/ZN (NAND2_X1)              0.03       3.04 r
  DATAPATH/EXECUTE/ADDR_MUX/U2/ZN (NAND2_X1)              0.03       3.07 f
  DATAPATH/EXECUTE/ADDR_MUX/m[30] (gen_mux21_N32_1)       0.00       3.07 f
  DATAPATH/EXECUTE/ADDR_MUX_OUT[30] (EXE_STAGE_N_BITS_DATA32_RF_ADDR5)
                                                          0.00       3.07 f
  DATAPATH/FETCH/PC_IN[30] (IF_STAGE_N_BITS_DATA32_N_BYTES_INST4)
                                                          0.00       3.07 f
  DATAPATH/FETCH/PC/data_in[30] (gen_reg_N32_0)           0.00       3.07 f
  DATAPATH/FETCH/PC/U11/ZN (NAND2_X1)                     0.03       3.10 r
  DATAPATH/FETCH/PC/U10/ZN (NAND2_X1)                     0.03       3.13 f
  DATAPATH/FETCH/PC/data_out_reg[30]/D (DFFR_X2)          0.01       3.14 f
  data arrival time                                                  3.14

  clock Clock (rise edge)                                 3.18       3.18
  clock network delay (ideal)                             0.00       3.18
  DATAPATH/FETCH/PC/data_out_reg[30]/CK (DFFR_X2)         0.00       3.18 r
  library setup time                                     -0.04       3.14
  data required time                                                 3.14
  --------------------------------------------------------------------------
  data required time                                                 3.14
  data arrival time                                                 -3.14
  --------------------------------------------------------------------------
  slack (MET)                                                        0.00


1
