 
****************************************
Report : power
        -cell
        -analysis_effort low
        -sort_mode cell_internal_power
Design : DLX
Version: F-2011.09-SP3
Date   : Mon Jul 18 15:05:35 2022
****************************************


Library(s) Used:

    NangateOpenCellLibrary (File: /home/mariagrazia.graziano/do/libnangate/NangateOpenCellLibrary_typical_ecsm.db)


Operating Conditions: typical   Library: NangateOpenCellLibrary
Wire Load Model Mode: top

Design        Wire Load Model            Library
------------------------------------------------
DLX                    5K_hvratio_1_4    NangateOpenCellLibrary


Global Operating Voltage = 1.1  
Power-specific unit information :
    Voltage Units = 1V
    Capacitance Units = 1.000000ff
    Time Units = 1ns
    Dynamic Power Units = 1uW    (derived from V,C,T units)
    Leakage Power Units = 1nW



  Attributes
  ----------
      h  -  Hierarchical cell

                        Cell      Driven Net  Tot Dynamic      Cell
                        Internal  Switching   Power            Leakage
Cell                    Power     Power       (% Cell/Tot)     Power      Attrs
--------------------------------------------------------------------------------
DATAPATH                3.385e+03       N/A        N/A (N/A)   333866.7188
                                                                          h
CONTROL                  244.7994       N/A        N/A (N/A)   14501.5693 h
IR_IN_reg[29]              2.3827    0.0341      2.417 (99%)     85.6589   
IR_IN_reg[2]               2.3768    0.0336      2.410 (99%)     85.6602   
IR_IN_reg[3]               2.3723    0.0335      2.406 (99%)     85.6617   
IR_IN_reg[8]               2.3661    0.0344      2.401 (99%)     85.6670   
IR_IN_reg[15]              2.3622    0.0336      2.396 (99%)     85.6659   
IR_IN_reg[9]               2.3602    0.0343      2.395 (99%)     85.6693   
IR_IN_reg[22]              2.3586    0.0331      2.392 (99%)     85.6657   
IR_IN_reg[1]               2.3556    0.0343      2.390 (99%)     85.6712   
IR_IN_reg[19]              2.3542    0.0343      2.388 (99%)     85.6718   
IR_IN_reg[12]              2.3535    0.0333      2.387 (99%)     85.6687   
IR_IN_reg[6]               2.3507    0.0347      2.385 (99%)     85.6748   
IR_IN_reg[31]              2.3453    0.0335      2.379 (99%)     85.6736   
IR_IN_reg[27]              2.3449    0.0341      2.379 (99%)     85.6754   
IR_IN_reg[14]              2.3441    0.0339      2.378 (99%)     85.6748   
IR_IN_reg[30]              2.3427    0.0348      2.378 (99%)     85.6787   
IR_IN_reg[0]               2.3411    0.0339      2.375 (99%)     85.6768   
IR_IN_reg[28]              2.3410    0.0354      2.376 (99%)     85.6819   
IR_IN_reg[13]              2.3390    0.0344      2.373 (99%)     85.6788   
IR_IN_reg[24]              2.3344    0.0344      2.369 (99%)     85.6809   
IR_IN_reg[21]              2.3317    0.0344      2.366 (99%)     85.6823   
IR_IN_reg[23]              2.3303    0.0342      2.365 (99%)     85.6821   
IR_IN_reg[10]              2.3300    0.0346      2.365 (99%)     85.6837   
IR_IN_reg[26]              2.3288    0.0358      2.365 (98%)     85.6848   
IR_IN_reg[16]              2.3275    0.0332      2.361 (99%)     85.6799   
IR_IN_reg[25]              2.3272    0.0341      2.361 (99%)     85.6833   
IR_IN_reg[4]               2.3257    0.0334      2.359 (99%)     85.6815   
IR_IN_reg[5]               2.3180    0.0349      2.353 (99%)     85.6907   
IR_IN_reg[11]              2.3152    0.0336      2.349 (99%)     85.6868   
IR_IN_reg[20]              2.3135    0.0339      2.347 (99%)     85.6885   
IR_IN_reg[7]               2.3104    0.0352      2.346 (99%)     85.6945   
IR_IN_reg[18]              2.2983    0.0336      2.332 (99%)     85.6942   
IR_IN_reg[17]              2.2812    0.0341      2.315 (99%)     85.7039   
--------------------------------------------------------------------------------
Totals (34 cells)          3.705mW     N/A         N/A (N/A)    351.110uW
1
