 
****************************************
Report : power
        -cell
        -analysis_effort low
        -sort_mode cell_internal_power
Design : DLX
Version: F-2011.09-SP3
Date   : Mon Jul 18 01:08:01 2022
****************************************


Library(s) Used:

    NangateOpenCellLibrary (File: /home/mariagrazia.graziano/do/libnangate/NangateOpenCellLibrary_typical_ecsm.db)


Operating Conditions: typical   Library: NangateOpenCellLibrary
Wire Load Model Mode: top

Design        Wire Load Model            Library
------------------------------------------------
DLX                    5K_hvratio_1_4    NangateOpenCellLibrary


Global Operating Voltage = 1.1  
Power-specific unit information :
    Voltage Units = 1V
    Capacitance Units = 1.000000ff
    Time Units = 1ns
    Dynamic Power Units = 1uW    (derived from V,C,T units)
    Leakage Power Units = 1nW



  Attributes
  ----------
      h  -  Hierarchical cell

                        Cell      Driven Net  Tot Dynamic      Cell
                        Internal  Switching   Power            Leakage
Cell                    Power     Power       (% Cell/Tot)     Power      Attrs
--------------------------------------------------------------------------------
DATAPATH                3.352e+03       N/A        N/A (N/A)   339048.5000
                                                                          h
CONTROL                  243.5106       N/A        N/A (N/A)   14643.4746 h
IR_IN_reg[6]               2.3515    0.0340      2.385 (99%)     85.6635   
IR_IN_reg[2]               2.3440    0.0341      2.378 (99%)     85.6670   
IR_IN_reg[15]              2.3402    0.0333      2.373 (99%)     85.6659   
IR_IN_reg[29]              2.3398    0.0344      2.374 (99%)     85.6704   
IR_IN_reg[1]               2.3382    0.0340      2.372 (99%)     85.6693   
IR_IN_reg[22]              2.3365    0.0328      2.369 (99%)     85.6657   
IR_IN_reg[26]              2.3345    0.0347      2.369 (99%)     85.6694   
IR_IN_reg[19]              2.3322    0.0339      2.366 (99%)     85.6718   
IR_IN_reg[12]              2.3315    0.0330      2.364 (99%)     85.6687   
IR_IN_reg[30]              2.3300    0.0338      2.364 (99%)     85.6722   
IR_IN_reg[9]               2.3287    0.0344      2.363 (99%)     85.6748   
IR_IN_reg[7]               2.3230    0.0338      2.357 (99%)     85.6754   
IR_IN_reg[14]              2.3222    0.0336      2.356 (99%)     85.6748   
IR_IN_reg[5]               2.3208    0.0345      2.355 (99%)     85.6787   
IR_IN_reg[10]              2.3172    0.0336      2.351 (99%)     85.6773   
IR_IN_reg[13]              2.3172    0.0340      2.351 (99%)     85.6788   
IR_IN_reg[27]              2.3141    0.0341      2.348 (99%)     85.6806   
IR_IN_reg[24]              2.3126    0.0341      2.347 (99%)     85.6809   
IR_IN_reg[21]              2.3099    0.0341      2.344 (99%)     85.6823   
IR_IN_reg[23]              2.3085    0.0339      2.342 (99%)     85.6821   
IR_IN_reg[28]              2.3082    0.0340      2.342 (99%)     85.6830   
IR_IN_reg[16]              2.3057    0.0329      2.339 (99%)     85.6799   
IR_IN_reg[25]              2.3055    0.0338      2.339 (99%)     85.6833   
IR_IN_reg[0]               2.3040    0.0330      2.337 (99%)     85.6815   
IR_IN_reg[11]              2.2935    0.0333      2.327 (99%)     85.6868   
IR_IN_reg[20]              2.2919    0.0336      2.325 (99%)     85.6885   
IR_IN_reg[8]               2.2907    0.0345      2.325 (99%)     85.6924   
IR_IN_reg[3]               2.2888    0.0348      2.324 (99%)     85.6945   
IR_IN_reg[4]               2.2869    0.0345      2.321 (99%)     85.6939   
IR_IN_reg[31]              2.2848    0.0344      2.319 (99%)     85.6952   
IR_IN_reg[18]              2.2768    0.0333      2.310 (99%)     85.6942   
IR_IN_reg[17]              2.2599    0.0338      2.294 (99%)     85.7039   
--------------------------------------------------------------------------------
Totals (34 cells)          3.669mW     N/A         N/A (N/A)    356.434uW
1
