 
****************************************
Report : power
        -cell
        -analysis_effort low
        -sort_mode cell_internal_power
Design : DLX
Version: F-2011.09-SP3
Date   : Wed Jul 13 02:07:30 2022
****************************************


Library(s) Used:

    NangateOpenCellLibrary (File: /home/mariagrazia.graziano/do/libnangate/NangateOpenCellLibrary_typical_ecsm.db)


Operating Conditions: typical   Library: NangateOpenCellLibrary
Wire Load Model Mode: top

Design        Wire Load Model            Library
------------------------------------------------
DLX                    5K_hvratio_1_1    NangateOpenCellLibrary


Global Operating Voltage = 1.1  
Power-specific unit information :
    Voltage Units = 1V
    Capacitance Units = 1.000000ff
    Time Units = 1ns
    Dynamic Power Units = 1uW    (derived from V,C,T units)
    Leakage Power Units = 1nW



  Attributes
  ----------
      h  -  Hierarchical cell

                        Cell      Driven Net  Tot Dynamic      Cell
                        Internal  Switching   Power            Leakage
Cell                    Power     Power       (% Cell/Tot)     Power      Attrs
--------------------------------------------------------------------------------
DATAPATH                 544.3487       N/A        N/A (N/A)   291350.8750
                                                                          h
CONTROL                   84.1296       N/A        N/A (N/A)   14361.8926 h
IR_IN_reg[26]              0.8293    0.0171      0.846 (98%)     85.3740   
IR_IN_reg[10]              0.8242    0.0174      0.842 (98%)     85.3875   
IR_IN_reg[3]               0.8236    0.0178      0.841 (98%)     85.3952   
IR_IN_reg[19]              0.8221    0.0173      0.839 (98%)     85.3885   
IR_IN_reg[23]              0.8218    0.0164      0.838 (98%)     85.3701   
IR_IN_reg[18]              0.8206    0.0165      0.837 (98%)     85.3753   
IR_IN_reg[15]              0.8204    0.0167      0.837 (98%)     85.3790   
IR_IN_reg[20]              0.8199    0.0162      0.836 (98%)     85.3694   
IR_IN_reg[2]               0.8174    0.0160      0.833 (98%)     85.3692   
IR_IN_reg[9]               0.8166    0.0158      0.832 (98%)     85.3677   
IR_IN_reg[6]               0.8166    0.0164      0.833 (98%)     85.3785   
IR_IN_reg[29]              0.8165    0.0176      0.834 (98%)     85.4044   
IR_IN_reg[0]               0.8160    0.0172      0.833 (98%)     85.3966   
IR_IN_reg[16]              0.8154    0.0156      0.831 (98%)     85.3644   
IR_IN_reg[21]              0.8152    0.0164      0.832 (98%)     85.3812   
IR_IN_reg[1]               0.8151    0.0158      0.831 (98%)     85.3705   
IR_IN_reg[25]              0.8149    0.0160      0.831 (98%)     85.3736   
IR_IN_reg[27]              0.8143    0.0165      0.831 (98%)     85.3850   
IR_IN_reg[8]               0.8135    0.0167      0.830 (98%)     85.3892   
IR_IN_reg[13]              0.8129    0.0166      0.829 (98%)     85.3893   
IR_IN_reg[11]              0.8115    0.0158      0.827 (98%)     85.3754   
IR_IN_reg[24]              0.8114    0.0160      0.827 (98%)     85.3789   
IR_IN_reg[22]              0.8106    0.0168      0.827 (98%)     85.3963   
IR_IN_reg[4]               0.8106    0.0166      0.827 (98%)     85.3925   
IR_IN_reg[28]              0.8099    0.0152      0.825 (98%)     85.3652   
IR_IN_reg[12]              0.8096    0.0165      0.826 (98%)     85.3927   
IR_IN_reg[7]               0.8089    0.0163      0.825 (98%)     85.3895   
IR_IN_reg[31]              0.8087    0.0158      0.824 (98%)     85.3795   
IR_IN_reg[5]               0.8067    0.0165      0.823 (98%)     85.3964   
IR_IN_reg[17]              0.8052    0.0150      0.820 (98%)     85.3689   
IR_IN_reg[14]              0.8026    0.0152      0.818 (98%)     85.3764   
IR_IN_reg[30]              0.8025    0.0157      0.818 (98%)     85.3880   
--------------------------------------------------------------------------------
Totals (34 cells)        654.543uW     N/A         N/A (N/A)    308.445uW
1
