Information: Updating design information... (UID-85)
Warning: Design 'DLX' contains 2 high-fanout nets. A fanout number of 1000 will be used for delay calculations involving these nets. (TIM-134)
 
****************************************
Report : timing
        -path full
        -delay max
        -max_paths 1
Design : DLX
Version: F-2011.09-SP3
Date   : Wed Jul 13 02:12:10 2022
****************************************

 # A fanout number of 1000 was used for high fanout net computations.

Operating Conditions: typical   Library: NangateOpenCellLibrary
Wire Load Model Mode: top

  Startpoint: CONTROL/cw3_reg[15]
              (rising edge-triggered flip-flop clocked by Clock)
  Endpoint: DATAPATH/EXECUTE/ALU_OUTPUT/data_out_reg[31]
            (rising edge-triggered flip-flop clocked by Clock)
  Path Group: Clock
  Path Type: max

  Des/Clust/Port     Wire Load Model       Library
  ------------------------------------------------
  DLX                5K_hvratio_1_1        NangateOpenCellLibrary

  Point                                                   Incr       Path
  --------------------------------------------------------------------------
  clock Clock (rise edge)                                 0.00       0.00
  clock network delay (ideal)                             0.00       0.00
  CONTROL/cw3_reg[15]/CK (DFFR_X1)                        0.00 #     0.00 r
  CONTROL/cw3_reg[15]/QN (DFFR_X1)                        0.07       0.07 r
  CONTROL/U9/ZN (INV_X1)                                  0.03       0.09 f
  CONTROL/MUXA_SEL (CU_HW_MICRO_SIZE154_FUNC_SIZE11_OPCODE_SIZE6_IR_SIZE32_CW_SIZE22)
                                                          0.00       0.09 f
  DATAPATH/MUXA_SEL (DP_N_BITS_DATA32_N_BYTES_INST4_RF_ADDR5_N_BITS_JUMP26_N_BITS_IMM16)
                                                          0.00       0.09 f
  DATAPATH/EXECUTE/MUXA_SEL (EXE_STAGE_N_BITS_DATA32_RF_ADDR5)
                                                          0.00       0.09 f
  DATAPATH/EXECUTE/MUXA/sel (gen_mux21_N32_0)             0.00       0.09 f
  DATAPATH/EXECUTE/MUXA/U12/Z (BUF_X1)                    0.04       0.13 f
  DATAPATH/EXECUTE/MUXA/U54/ZN (AOI22_X1)                 0.06       0.19 r
  DATAPATH/EXECUTE/MUXA/U74/ZN (INV_X1)                   0.03       0.22 f
  DATAPATH/EXECUTE/MUXA/m[1] (gen_mux21_N32_0)            0.00       0.22 f
  DATAPATH/EXECUTE/ALRITH_LOG_U/DATA1[1] (ALU_N32)        0.00       0.22 f
  DATAPATH/EXECUTE/ALRITH_LOG_U/r79/A[1] (ALU_N32_DW02_mult_0)
                                                          0.00       0.22 f
  DATAPATH/EXECUTE/ALRITH_LOG_U/r79/U27/Z (BUF_X1)        0.05       0.27 f
  DATAPATH/EXECUTE/ALRITH_LOG_U/r79/U73/ZN (AND2_X1)      0.04       0.31 f
  DATAPATH/EXECUTE/ALRITH_LOG_U/r79/U44/Z (XOR2_X1)       0.07       0.38 f
  DATAPATH/EXECUTE/ALRITH_LOG_U/r79/S2_2_10/S (FA_X1)     0.13       0.52 r
  DATAPATH/EXECUTE/ALRITH_LOG_U/r79/S2_3_9/S (FA_X1)      0.11       0.63 f
  DATAPATH/EXECUTE/ALRITH_LOG_U/r79/S2_4_8/S (FA_X1)      0.14       0.76 r
  DATAPATH/EXECUTE/ALRITH_LOG_U/r79/S2_5_7/S (FA_X1)      0.11       0.88 f
  DATAPATH/EXECUTE/ALRITH_LOG_U/r79/S2_6_6/S (FA_X1)      0.14       1.01 r
  DATAPATH/EXECUTE/ALRITH_LOG_U/r79/S2_7_5/S (FA_X1)      0.11       1.12 f
  DATAPATH/EXECUTE/ALRITH_LOG_U/r79/S2_8_4/S (FA_X1)      0.14       1.26 r
  DATAPATH/EXECUTE/ALRITH_LOG_U/r79/S2_9_3/S (FA_X1)      0.11       1.37 f
  DATAPATH/EXECUTE/ALRITH_LOG_U/r79/S2_10_2/CO (FA_X1)
                                                          0.09       1.47 f
  DATAPATH/EXECUTE/ALRITH_LOG_U/r79/S2_11_2/CO (FA_X1)
                                                          0.11       1.57 f
  DATAPATH/EXECUTE/ALRITH_LOG_U/r79/S2_12_2/CO (FA_X1)
                                                          0.11       1.68 f
  DATAPATH/EXECUTE/ALRITH_LOG_U/r79/S2_13_2/CO (FA_X1)
                                                          0.11       1.79 f
  DATAPATH/EXECUTE/ALRITH_LOG_U/r79/S2_14_2/S (FA_X1)     0.15       1.94 r
  DATAPATH/EXECUTE/ALRITH_LOG_U/r79/S4_1/S (FA_X1)        0.11       2.05 f
  DATAPATH/EXECUTE/ALRITH_LOG_U/r79/U368/ZN (XNOR2_X1)
                                                          0.06       2.11 f
  DATAPATH/EXECUTE/ALRITH_LOG_U/r79/FS_1/A[14] (ALU_N32_DW01_add_0)
                                                          0.00       2.11 f
  DATAPATH/EXECUTE/ALRITH_LOG_U/r79/FS_1/U71/ZN (OAI21_X1)
                                                          0.04       2.15 r
  DATAPATH/EXECUTE/ALRITH_LOG_U/r79/FS_1/U69/ZN (INV_X1)
                                                          0.03       2.18 f
  DATAPATH/EXECUTE/ALRITH_LOG_U/r79/FS_1/U67/ZN (NAND2_X1)
                                                          0.03       2.20 r
  DATAPATH/EXECUTE/ALRITH_LOG_U/r79/FS_1/U68/ZN (NAND2_X1)
                                                          0.03       2.23 f
  DATAPATH/EXECUTE/ALRITH_LOG_U/r79/FS_1/U97/ZN (AND2_X1)
                                                          0.04       2.27 f
  DATAPATH/EXECUTE/ALRITH_LOG_U/r79/FS_1/U186/ZN (NAND2_X1)
                                                          0.03       2.30 r
  DATAPATH/EXECUTE/ALRITH_LOG_U/r79/FS_1/U139/ZN (AND2_X1)
                                                          0.04       2.34 r
  DATAPATH/EXECUTE/ALRITH_LOG_U/r79/FS_1/U54/ZN (AND2_X1)
                                                          0.04       2.38 r
  DATAPATH/EXECUTE/ALRITH_LOG_U/r79/FS_1/U47/ZN (NAND2_X1)
                                                          0.03       2.41 f
  DATAPATH/EXECUTE/ALRITH_LOG_U/r79/FS_1/U50/ZN (NAND2_X1)
                                                          0.03       2.43 r
  DATAPATH/EXECUTE/ALRITH_LOG_U/r79/FS_1/U99/ZN (NAND2_X1)
                                                          0.03       2.47 f
  DATAPATH/EXECUTE/ALRITH_LOG_U/r79/FS_1/U84/ZN (NAND2_X1)
                                                          0.03       2.50 r
  DATAPATH/EXECUTE/ALRITH_LOG_U/r79/FS_1/U89/ZN (AND2_X1)
                                                          0.04       2.54 r
  DATAPATH/EXECUTE/ALRITH_LOG_U/r79/FS_1/U135/ZN (NAND2_X1)
                                                          0.03       2.57 f
  DATAPATH/EXECUTE/ALRITH_LOG_U/r79/FS_1/U125/ZN (AND2_X1)
                                                          0.04       2.61 f
  DATAPATH/EXECUTE/ALRITH_LOG_U/r79/FS_1/U79/ZN (OR2_X1)
                                                          0.05       2.66 f
  DATAPATH/EXECUTE/ALRITH_LOG_U/r79/FS_1/U32/ZN (AOI21_X1)
                                                          0.04       2.70 r
  DATAPATH/EXECUTE/ALRITH_LOG_U/r79/FS_1/U25/ZN (XNOR2_X1)
                                                          0.07       2.77 r
  DATAPATH/EXECUTE/ALRITH_LOG_U/r79/FS_1/SUM[29] (ALU_N32_DW01_add_0)
                                                          0.00       2.77 r
  DATAPATH/EXECUTE/ALRITH_LOG_U/r79/PRODUCT[31] (ALU_N32_DW02_mult_0)
                                                          0.00       2.77 r
  DATAPATH/EXECUTE/ALRITH_LOG_U/U57/ZN (NAND2_X1)         0.04       2.81 f
  DATAPATH/EXECUTE/ALRITH_LOG_U/U70/ZN (AND2_X1)          0.04       2.85 f
  DATAPATH/EXECUTE/ALRITH_LOG_U/U421/ZN (OAI21_X1)        0.04       2.89 r
  DATAPATH/EXECUTE/ALRITH_LOG_U/OUTALU[31] (ALU_N32)      0.00       2.89 r
  DATAPATH/EXECUTE/ALU_OUTPUT/data_in[31] (gen_reg_N32_5)
                                                          0.00       2.89 r
  DATAPATH/EXECUTE/ALU_OUTPUT/U65/ZN (NAND2_X1)           0.03       2.92 f
  DATAPATH/EXECUTE/ALU_OUTPUT/U64/ZN (OAI21_X1)           0.04       2.96 r
  DATAPATH/EXECUTE/ALU_OUTPUT/data_out_reg[31]/D (DFFR_X1)
                                                          0.01       2.96 r
  data arrival time                                                  2.96

  clock Clock (rise edge)                                 3.00       3.00
  clock network delay (ideal)                             0.00       3.00
  DATAPATH/EXECUTE/ALU_OUTPUT/data_out_reg[31]/CK (DFFR_X1)
                                                          0.00       3.00 r
  library setup time                                     -0.04       2.96
  data required time                                                 2.96
  --------------------------------------------------------------------------
  data required time                                                 2.96
  data arrival time                                                 -2.96
  --------------------------------------------------------------------------
  slack (MET)                                                        0.00


1
